16:42:00 **** Incremental Build of configuration Debug for project Test_01 ****
make -j24 all 
arm-none-eabi-gcc "../Core/Src/main.c" -mcpu=cortex-m4 -std=gnu11 -g3 -DDEBUG -DUSE_HAL_DRIVER -DSTM32F411xE -c -I../Core/Inc -I../Drivers/STM32F4xx_HAL_Driver/Inc -I../Drivers/STM32F4xx_HAL_Driver/Inc/Legacy -I../Drivers/CMSIS/Device/ST/STM32F4xx/Include -I../Drivers/CMSIS/Include -O0 -ffunction-sections -fdata-sections -Wall -fstack-usage -fcyclomatic-complexity -MMD -MP -MF"Core/Src/main.d" -MT"Core/Src/main.o" --specs=nano.specs -mfpu=fpv4-sp-d16 -mfloat-abi=hard -mthumb -o "Core/Src/main.o"
arm-none-eabi-gcc -o "Test_01.elf" @"objects.list"   -mcpu=cortex-m4 -T"C:\Users\user\source\repos\STM32\Test_01\STM32F411RETX_FLASH.ld" --specs=nosys.specs -Wl,-Map="Test_01.map" -Wl,--gc-sections -static --specs=nano.specs -mfpu=fpv4-sp-d16 -mfloat-abi=hard -mthumb -Wl,--start-group -lc -lm -Wl,--end-group
Finished building target: Test_01.elf
 
arm-none-eabi-size  Test_01.elf 
arm-none-eabi-objdump -h -S Test_01.elf  > "Test_01.list"
   text	   data	    bss	    dec	    hex	filename
   8156	     24	   1648	   9828	   2664	Test_01.elf
Finished building: default.size.stdout
 
Finished building: Test_01.list
 

16:42:01 Build Finished. 0 errors, 0 warnings. (took 645ms)

