12:51:01 **** Incremental Build of configuration Debug for project Test_01_Timer ****
make -j24 all 
arm-none-eabi-gcc "../Core/Src/main.c" -mcpu=cortex-m4 -std=gnu11 -g3 -DDEBUG -DUSE_HAL_DRIVER -DSTM32F411xE -c -I../Core/Inc -I../Drivers/STM32F4xx_HAL_Driver/Inc -I../Drivers/STM32F4xx_HAL_Driver/Inc/Legacy -I../Drivers/CMSIS/Device/ST/STM32F4xx/Include -I../Drivers/CMSIS/Include -O0 -ffunction-sections -fdata-sections -Wall -fstack-usage -fcyclomatic-complexity -MMD -MP -MF"Core/Src/main.d" -MT"Core/Src/main.o" --specs=nano.specs -mfpu=fpv4-sp-d16 -mfloat-abi=hard -mthumb -o "Core/Src/main.o"
arm-none-eabi-gcc -o "Test_01_Timer.elf" @"objects.list"   -mcpu=cortex-m4 -T"C:\Users\user\source\repos\STM32\Test_01_Timer\STM32F411RETX_FLASH.ld" --specs=nosys.specs -Wl,-Map="Test_01_Timer.map" -Wl,--gc-sections -static --specs=nano.specs -mfpu=fpv4-sp-d16 -mfloat-abi=hard -mthumb -Wl,--start-group -lc -lm -Wl,--end-group
Finished building target: Test_01_Timer.elf
 
arm-none-eabi-size  Test_01_Timer.elf 
arm-none-eabi-objdump -h -S Test_01_Timer.elf  > "Test_01_Timer.list"
   text	   data	    bss	    dec	    hex	filename
  10696	     20	   1788	  12504	   30d8	Test_01_Timer.elf
Finished building: default.size.stdout
 
Finished building: Test_01_Timer.list
 

12:51:02 Build Finished. 0 errors, 0 warnings. (took 605ms)

