15:27:26 **** Incremental Build of configuration Debug for project Test_02_UART ****
make -j24 all 
arm-none-eabi-gcc "C:/Users/user/source/repos/STM32/MyLib/LCD1602.c" -mcpu=cortex-m4 -std=gnu11 -g3 -DDEBUG -DUSE_HAL_DRIVER -DSTM32F411xE -c -I../Core/Inc -I../Drivers/STM32F4xx_HAL_Driver/Inc -I../Drivers/STM32F4xx_HAL_Driver/Inc/Legacy -I../Drivers/CMSIS/Device/ST/STM32F4xx/Include -I../Drivers/CMSIS/Include -O0 -ffunction-sections -fdata-sections -Wall -fstack-usage -fcyclomatic-complexity -MMD -MP -MF"Core/Src/LCD1602.d" -MT"Core/Src/LCD1602.o" --specs=nano.specs -mfpu=fpv4-sp-d16 -mfloat-abi=hard -mthumb -o "Core/Src/LCD1602.o"
C:/Users/user/source/repos/STM32/MyLib/LCD1602.c: In function 'lcd_command':
C:/Users/user/source/repos/STM32/MyLib/LCD1602.c:27:49: warning: pointer targets in passing argument 3 of 'HAL_I2C_Master_Transmit' differ in signedness [-Wpointer-sign]
   27 |         HAL_I2C_Master_Transmit(hi2c, I2C_ADDR, dd, 4, 10);
      |                                                 ^~
      |                                                 |
      |                                                 char *
In file included from ../Core/Inc/stm32f4xx_hal_conf.h:363,
                 from ../Drivers/STM32F4xx_HAL_Driver/Inc/stm32f4xx_hal.h:29,
                 from ../Core/Inc/main.h:30,
                 from C:/Users/user/source/repos/STM32/MyLib/LCD1602.c:10:
../Drivers/STM32F4xx_HAL_Driver/Inc/stm32f4xx_hal_i2c.h:566:98: note: expected 'uint8_t *' {aka 'unsigned char *'} but argument is of type 'char *'
  566 | HAL_StatusTypeDef HAL_I2C_Master_Transmit(I2C_HandleTypeDef *hi2c, uint16_t DevAddress, uint8_t *pData, uint16_t Size, uint32_t Timeout);
      |                                                                                         ~~~~~~~~~^~~~~
C:/Users/user/source/repos/STM32/MyLib/LCD1602.c:18:26: warning: variable 'n4' set but not used [-Wunused-but-set-variable]
   18 |         char n1, n2, n3, n4, dd[4];
      |                          ^~
C:/Users/user/source/repos/STM32/MyLib/LCD1602.c:18:22: warning: variable 'n3' set but not used [-Wunused-but-set-variable]
   18 |         char n1, n2, n3, n4, dd[4];
      |                      ^~
C:/Users/user/source/repos/STM32/MyLib/LCD1602.c: In function 'lcd_data':
C:/Users/user/source/repos/STM32/MyLib/LCD1602.c:41:49: warning: pointer targets in passing argument 3 of 'HAL_I2C_Master_Transmit' differ in signedness [-Wpointer-sign]
   41 |         HAL_I2C_Master_Transmit(hi2c, I2C_ADDR, dd, 4, 10);
      |                                                 ^~
      |                                                 |
      |                                                 char *
In file included from ../Core/Inc/stm32f4xx_hal_conf.h:363,
                 from ../Drivers/STM32F4xx_HAL_Driver/Inc/stm32f4xx_hal.h:29,
                 from ../Core/Inc/main.h:30,
                 from C:/Users/user/source/repos/STM32/MyLib/LCD1602.c:10:
../Drivers/STM32F4xx_HAL_Driver/Inc/stm32f4xx_hal_i2c.h:566:98: note: expected 'uint8_t *' {aka 'unsigned char *'} but argument is of type 'char *'
  566 | HAL_StatusTypeDef HAL_I2C_Master_Transmit(I2C_HandleTypeDef *hi2c, uint16_t DevAddress, uint8_t *pData, uint16_t Size, uint32_t Timeout);
      |                                                                                         ~~~~~~~~~^~~~~
C:/Users/user/source/repos/STM32/MyLib/LCD1602.c: In function 'lcd_printEx2':
C:/Users/user/source/repos/STM32/MyLib/LCD1602.c:78:17: warning: implicit declaration of function 'strcpy' [-Wimplicit-function-declaration]
   78 |                 strcpy(sBuf, str);
      |                 ^~~~~~
C:/Users/user/source/repos/STM32/MyLib/LCD1602.c:11:1: note: include '<string.h>' or provide a declaration of 'strcpy'
   10 | #include "main.h"
  +++ |+#include <string.h>
   11 | 
C:/Users/user/source/repos/STM32/MyLib/LCD1602.c:78:17: warning: incompatible implicit declaration of built-in function 'strcpy' [-Wbuiltin-declaration-mismatch]
   78 |                 strcpy(sBuf, str);
      |                 ^~~~~~
C:/Users/user/source/repos/STM32/MyLib/LCD1602.c:78:17: note: include '<string.h>' or provide a declaration of 'strcpy'
C:/Users/user/source/repos/STM32/MyLib/LCD1602.c: In function 'i2c_scan':
C:/Users/user/source/repos/STM32/MyLib/LCD1602.c:84:25: warning: 'return' with no value, in function returning non-void [-Wreturn-type]
   84 |         if(hi2c == NULL)return;
      |                         ^~~~~~
C:/Users/user/source/repos/STM32/MyLib/LCD1602.c:82:5: note: declared here
   82 | int i2c_scan()
      |     ^~~~~~~~
C:/Users/user/source/repos/STM32/MyLib/LCD1602.c:89:25: warning: implicit declaration of function 'printf' [-Wimplicit-function-declaration]
   89 |                         printf("  %02x",addr);
      |                         ^~~~~~
C:/Users/user/source/repos/STM32/MyLib/LCD1602.c:11:1: note: include '<stdio.h>' or provide a declaration of 'printf'
   10 | #include "main.h"
  +++ |+#include <stdio.h>
   11 | 
C:/Users/user/source/repos/STM32/MyLib/LCD1602.c:89:25: warning: incompatible implicit declaration of built-in function 'printf' [-Wbuiltin-declaration-mismatch]
   89 |                         printf("  %02x",addr);
      |                         ^~~~~~
C:/Users/user/source/repos/STM32/MyLib/LCD1602.c:89:25: note: include '<stdio.h>' or provide a declaration of 'printf'
C:/Users/user/source/repos/STM32/MyLib/LCD1602.c:93:25: warning: incompatible implicit declaration of built-in function 'printf' [-Wbuiltin-declaration-mismatch]
   93 |                         printf(" . ");
      |                         ^~~~~~
C:/Users/user/source/repos/STM32/MyLib/LCD1602.c:93:25: note: include '<stdio.h>' or provide a declaration of 'printf'
C:/Users/user/source/repos/STM32/MyLib/LCD1602.c:95:35: warning: incompatible implicit declaration of built-in function 'printf' [-Wbuiltin-declaration-mismatch]
   95 |                 if(addr%16 == 15) printf("\r\n");
      |                                   ^~~~~~
C:/Users/user/source/repos/STM32/MyLib/LCD1602.c:95:35: note: include '<stdio.h>' or provide a declaration of 'printf'
C:/Users/user/source/repos/STM32/MyLib/LCD1602.c: In function 'i2c_init':
C:/Users/user/source/repos/STM32/MyLib/LCD1602.c:54:1: warning: control reaches end of non-void function [-Wreturn-type]
   54 | }
      | ^
arm-none-eabi-gcc -o "Test_02_UART.elf" @"objects.list"   -mcpu=cortex-m4 -T"C:\Users\user\source\repos\STM32\Test_02_UART\STM32F411RETX_FLASH.ld" --specs=nosys.specs -Wl,-Map="Test_02_UART.map" -Wl,--gc-sections -static --specs=nano.specs -mfpu=fpv4-sp-d16 -mfloat-abi=hard -mthumb -u _printf_float -u _scanf_float -Wl,--start-group -lc -lm -Wl,--end-group
Finished building target: Test_02_UART.elf
 
arm-none-eabi-size  Test_02_UART.elf 
arm-none-eabi-objdump -h -S Test_02_UART.elf  > "Test_02_UART.list"
   text	   data	    bss	    dec	    hex	filename
  38468	    476	   2092	  41036	   a04c	Test_02_UART.elf
Finished building: default.size.stdout
 
Finished building: Test_02_UART.list
 

15:27:27 Build Finished. 0 errors, 12 warnings. (took 696ms)

